---
source: crates/eden-config/tests/cases.rs
expression: config
input_file: crates/eden-config/tests/cases/pass/sentry_1
---
Config {
    background_jobs: BackgroundJobs {
        enabled: true,
        workers: 1,
    },
    database: Database {
        primary: DatabasePool {
            url: SqliteUrl(..),
            min_connections: 0,
            max_connections: 3,
            readonly: false,
        },
        replica: None,
        background_jobs: DatabasePool {
            url: SqliteUrl(..),
            min_connections: 0,
            max_connections: 3,
            readonly: false,
        },
    },
    gateway: None,
    organization: Organization {
        name: "Dystopia",
        discord: None,
        minecraft: Minecraft {
            perks: {},
        },
    },
    setup: Setup {
        settings: InitialSettings {
            allow_guests: true,
        },
    },
    sentry: Some(
        Sentry {
            dsn: <redacted>,
            environment: "prod",
            traces_sample_rate: 0.42,
            targets: "eden=info",
        },
    ),
}
