---
source: crates/eden-config/tests/cases.rs
expression: config
input_file: crates/eden-config/tests/cases/pass/organization_mc_perks_2
---
Config {
    database: Database {
        primary: DatabasePool {
            url: SqliteUrl(..),
            min_connections: 0,
            max_connections: 3,
            readonly: false,
        },
        replica: None,
    },
    gateway: None,
    organization: Organization {
        name: "Dystopia",
        discord: Some(
            Discord {
                token: Token(..),
                guild_id: Id<GuildMarker>(123456789012345678),
                role_ids: RoleIds {
                    alert_channel: None,
                    contributor: None,
                    member: None,
                    chaosneco: {},
                },
                swearing_police: SwearingPolice {
                    bad_words: {},
                    excluded_users: {},
                    warning_templates: [],
                },
            },
        ),
        minecraft: Minecraft {
            perks: {
                Contributors: [
                    "death_chest",
                    "veinminer",
                ],
                Members: [
                    "death_chest",
                ],
                Staff: [
                    "death_chest",
                    "veinminer",
                    "ledger.inspect",
                ],
                Admins: [
                    "death_chest",
                    "veinminer",
                    "geyser",
                    "ledger",
                ],
            },
        },
    },
    setup: Setup {
        settings: InitialSettings {
            allow_guests: true,
        },
    },
    sentry: None,
}
