---
source: crates/eden-config/tests/cases.rs
expression: config
input_file: crates/eden-config/tests/cases/pass/organization_mc_perks_1
---
Config {
    background_jobs: BackgroundJobs {
        enabled: true,
        workers: 1,
    },
    database: Database {
        primary: DatabasePool {
            url: SqliteUrl(..),
            min_connections: 0,
            max_connections: 3,
            readonly: false,
        },
        replica: None,
        background_jobs: DatabasePool {
            url: SqliteUrl(..),
            min_connections: 0,
            max_connections: 3,
            readonly: false,
        },
    },
    gateway: None,
    organization: Organization {
        name: "Dystopia",
        discord: Some(
            Discord {
                token: Token(..),
                guild_id: Id<GuildMarker>(123456789012345678),
                role_ids: RoleIds {
                    alert_channel: None,
                    contributor: None,
                    member: None,
                    chaosneco: {},
                },
                swearing_police: SwearingPolice {
                    bad_words: {},
                    excluded_users: {},
                    warning_templates: [],
                },
            },
        ),
        minecraft: Minecraft {
            perks: {
                Discord(
                    Id<GuildMarker>(745809834183753828),
                ): [
                    "death_chest",
                ],
            },
        },
    },
    setup: Setup {
        settings: InitialSettings {
            allow_guests: true,
        },
    },
    sentry: None,
}
