---
source: crates/eden-config/tests/cases.rs
expression: config
input_file: crates/eden-config/tests/cases/migration/v2_minecraft
---
Config {
    gateway: Gateway {
        ip: 127.0.0.1,
        port: 7590,
        tls: None,
    },
    organization: Organization {
        name: "Dystopia",
        discord: None,
        minecraft: Minecraft {
            perks: {
                Contributors: [
                    "death_chest",
                    "instant_restock",
                ],
                Members: [
                    "landlock",
                ],
                Staff: [
                    "ledger.commands",
                ],
                Admins: [
                    "edenmc.admin",
                ],
                Uuid(
                    a1705729-8729-3a49-befe-0ee68d88a374,
                ): [
                    "deadchest",
                ],
            },
        },
    },
    setup: Setup {
        settings: InitialSettings {
            allow_guests: true,
        },
    },
    sentry: None,
}
