---
source: crates/eden-config/tests/cases.rs
expression: config
input_file: crates/eden-config/tests/cases/migration/pass/v2_bot
---
Config {
    gateway: Gateway {
        ip: 127.0.0.1,
        port: 7590,
        tls: None,
    },
    organization: Organization {
        name: "Dystopia",
        discord: Some(
            Discord {
                token: Token(..),
                guild_id: Id<GuildMarker>(12345677),
                swearing_police: SwearingPolice {
                    bad_words: {
                        "67",
                    },
                    excluded_users: {
                        Id<UserMarker>(273534239310479360),
                    },
                    warning_templates: [
                        "What?",
                    ],
                },
            },
        ),
        minecraft: Minecraft {
            perks: {},
        },
    },
    setup: Setup {
        settings: InitialSettings {
            allow_guests: true,
        },
    },
    sentry: None,
}
