---
source: crates/eden-config/tests/cases.rs
expression: config
input_file: crates/eden-config/tests/cases/pass/gateway_1
---
Config {
    database: Database {
        primary: DatabasePool {
            url: SqliteUrl(..),
            min_connections: 0,
            max_connections: 3,
            readonly: false,
        },
        replica: None,
    },
    gateway: Some(
        Gateway {
            ip: 10.0.0.1,
            port: 8080,
            metrics: true,
            tls: None,
        },
    ),
    organization: Organization {
        name: "Dystopia",
        discord: None,
        minecraft: Minecraft {
            perks: {},
        },
    },
    setup: Setup {
        settings: InitialSettings {
            allow_guests: true,
        },
    },
    sentry: None,
}
