---
source: crates/eden-config/tests/cases.rs
expression: config
input_file: crates/eden-config/tests/cases/migration/v2_sentry
---
Config {
    bot: None,
    setup: Setup {
        settings: InitialSettings {
            allow_guests: true,
        },
    },
    sentry: Some(
        Sentry {
            dsn: <redacted>,
            environment: "foobar123",
            traces_sample_rate: 1.0,
            targets: "info",
        },
    ),
}
