---
source: crates/eden-config/tests/cases.rs
expression: template
input_file: crates/eden-config/tests/cases/template
---
# Background job processing configuration.
# 
# Controls the worker pool that handles asynchronous tasks and scheduled
# operations. Enabled by default with a single worker thread.
[background_jobs]
# Whether background job processing is enabled.
# 
# When set to `false`, the worker pool will not start and no
# background tasks will be processed. This can be useful for
# maintenance mode or testing scenarios.
enabled = true

# Number of worker threads in the background job pool.
# 
# Determines how many jobs can be processed concurrently. Setting
# this higher allows more parallel task execution but increases
# resource usage. Must be at least 1.
# 
# Defaults to 1.
workers = 1
# Configuration for the Eden's PostgreSQL database connections.
# 
# Supports a mandatory primary connection and an optional read replica,
# allowing read-heavy workloads to be offloaded from the primary.
# Embedded PostgreSQL configuration.
# 
# When configured, Eden will automatically download, install, and manage a PostgreSQL
# instance for you. This is useful for development, testing, or simple deployments
# where you don't want to manage a separate database server.
# 
# Set to `null` or omit entirely if you're connecting to an external PostgreSQL server.
[database.embedded]
# PostgreSQL version requirement.
# 
# Specify the version requirement of PostgreSQL to use (e.g., "17", "16", "15").
# Eden will download and install the appropriate binaries if not already present.
# 
# Default: `"17"`
version = "17"

# Directory where PostgreSQL binaries should be installed.
# 
# If not specified, Eden will use a default location based on your operating system.
# The directory should be writable and have sufficient space for PostgreSQL binaries
# (typically 200-300 MB).
# 
# Default: Platform-specific default location
installation_dir = "string"

# Path to a file containing the database password.
# 
# If specified, Eden will read the password from this file instead of using the
# `password` field. This is more secure as it avoids storing passwords directly
# in configuration files. The file should contain only the password with no
# trailing newline.
# 
# Example: `/run/secrets/eden_db_password`
password_file = "string"

# Directory where PostgreSQL will store its data files.
# 
# This includes all database tables, indexes, and transaction logs. Ensure this
# location has sufficient disk space and is backed up regularly. If not specified,
# Eden will use a default location.
# 
# Default: Platform-specific default location (e.g., `~/.eden/pgdata`)
data_dir = "string"

# Host address for PostgreSQL to bind to.
# 
# Use "localhost" or "127.0.0.1" for local-only access, or "0.0.0.0" to allow
# connections from any network interface. For security, prefer localhost unless
# you need external access.
# 
# Default: `"localhost"`
host = "localhost"

# Port number for PostgreSQL to listen on.
# 
# The standard PostgreSQL port is 5432. Change this if you have another PostgreSQL
# instance running or need to avoid port conflicts.
# 
# Default: `5432`
port = 5432

# PostgreSQL username for the database.
# 
# This user will be created (or used if it exists) for database connections.
# The user will have full privileges on the database.
# 
# Default: `"postgres"`
username = "postgres"

# Password for the PostgreSQL user.
# 
# Consider using `password_file` instead for better security, especially in
# production environments. This password is used for all database connections.
# 
# Default: `"postgres"` (change this for production!)
password = "postgres"

# Whether to drop the database after Eden shuts down.
# 
# When set to `true`, Eden will automatically delete all database data when it
# stops. This is useful for testing environments where you want a clean slate
# on each run, but should **never** be enabled in production.
# 
# !! Enabling this will result in permanent data loss when Eden stops !!
# 
# Default: `false`
temporary = false

# Whether to trust the installation directory.
# 
# If set to `true`, Eden will use PostgreSQL binaries from `installation_dir`
# without verification. Only enable this if you're certain the installation
# directory contains trusted PostgreSQL binaries.
# 
# Default: `false`
trust_installation_dir = true

# Directory for PostgreSQL Unix domain sockets.
# 
# On Unix systems, PostgreSQL can use Unix domain sockets for local connections,
# which can be faster and more secure than TCP. If not specified, the system
# default socket directory will be used.
# 
# Example: `/var/run/postgresql`
socket_dir = "string"
# Additional PostgreSQL configuration parameters.
# 
# This allows you to set any PostgreSQL configuration parameter (those normally
# found in postgresql.conf). Keys should be valid PostgreSQL parameter names.
# 
# ```toml
# [database.embedded.configuration]
# max_connections = "100"
# shared_buffers = "256MB"
# work_mem = "4MB"
# maintenance_work_mem = "64MB"
# ```
[database.embedded.configuration]
string = "string"
# ...
# Primary database pool handles most reads and writes,
# always operating on the latest data revision.
[database.primary]
# PostgreSQL connection URL for the database pool.
url = "postgresql://user@secret:localhost/eden"

# Minimum number of connections to keep open.
# 
# Eden will maintain at least this many connections to the database at all times,
# even during periods of low activity. This ensures quick response times by
# avoiding connection setup overhead.
# 
# Default: `0`
min_connections = 123

# Maximum number of connections allowed.
# 
# This is the upper limit of concurrent database connections Eden can create.
# When all connections are in use, new requests will wait for a connection to
# become available.
# 
# **Important:** Ensure your PostgreSQL server's `max_connections` setting is
# higher than the sum of all your application pools' `max_connections` values.
# 
# Default: `3`
max_connections = 1

# Set to true to make this pool read-only. Not recommended
# for the primary pool.
# 
# When enabled, this pool will reject any write operations (INSERT, UPDATE, DELETE).
# This is a safety feature to prevent accidental writes to replica databases.
# 
# **Required:** Must be `true` for replica pools (validated by Eden)
# **Primary pool:** Should be `false` (default)
# 
# Default: `false`
readonly = true
# Configuration for replica database. This pool should be
# optimized for read-heavy workloads.
[database.replica]
# PostgreSQL connection URL for the database pool.
url = "postgresql://user@secret:localhost/eden"

# Minimum number of connections to keep open.
# 
# Eden will maintain at least this many connections to the database at all times,
# even during periods of low activity. This ensures quick response times by
# avoiding connection setup overhead.
# 
# Default: `0`
min_connections = 123

# Maximum number of connections allowed.
# 
# This is the upper limit of concurrent database connections Eden can create.
# When all connections are in use, new requests will wait for a connection to
# become available.
# 
# **Important:** Ensure your PostgreSQL server's `max_connections` setting is
# higher than the sum of all your application pools' `max_connections` values.
# 
# Default: `3`
max_connections = 1

# Set to true to make this pool read-only. Not recommended
# for the primary pool.
# 
# When enabled, this pool will reject any write operations (INSERT, UPDATE, DELETE).
# This is a safety feature to prevent accidental writes to replica databases.
# 
# **Required:** Must be `true` for replica pools (validated by Eden)
# **Primary pool:** Should be `false` (default)
# 
# Default: `false`
readonly = true
# Common properties for primary and replica pools.
# Maximum time to wait when establishing a new database connection.
# 
# If the database server doesn't respond within this time, the connection
# attempt will fail with a timeout error.
# 
# It defaults to 5 seconds if not set.
[database.common.connect_timeout]
secs = 123
nanos = 456000000
# Maximum time allowed for a single SQL statement to execute.
# 
# If a query takes longer than this duration, it will be cancelled by the
# database server. This helps prevent runaway queries from consuming
# resources indefinitely.
# 
# It defaults to 15 seconds if not set.
[database.common.statement_timeout]
secs = 123
nanos = 456000000
# Gateway API server configuration.
# 
# This is where it allows the Minecraft server clients and other
# services to communicate to the Gateway API.
# 
# Omit this section to disable the gateway HTTP server entirely.
[gateway]
ip = "127.0.0.1"
port = 123
# Prometheus metrics configuration.
# 
# Controls whether metrics are collected and exposed at the `/metrics` endpoint.
# Enabled by default.
# 
# Available metrics include:
# - `database_idle_conns` - Number of idle database connections
# - `database_used_conns` - Number of active database connections
# - `database_time_to_acquire_connection` - Time spent waiting for a connection
# - `events_processed` - Total Discord gateway events processed
# - `requests_total` - Total HTTP requests received
# - `response_times` - HTTP response time distribution
# - `shard_latencies` - Per-shard gateway latency
# - `sessions_granted` - Total sessions granted to players
[gateway.metrics]
# Enable or disable Prometheus metrics collection.
enabled = true
# TLS/SSL certificate configuration for HTTPS support.
# 
# When configured, the gateway will serve traffic over HTTPS using the
# provided certificate and private key files. Omit this section to run
# the gateway in HTTP-only mode.
[gateway.tls]
cert_file = "string"
priv_key_file = "string"
# Organization identity and platform integration settings.
[organization]
# The name of the organization.
# 
# This field is required as Eden will customize all of its messages
# catered to your organization.
# 
# If not specified, the default value is `Dystopia`.
name = "string"
# Discord configuration related to the organization's Discord guild (server).
# 
# If this table is missing, Discord bot service will be disabled
# automatically and any incoming messages will not be processed
# internally.
[organization.discord]
# Discord bot authorization token.
# 
# This is the authentication token for your Discord bot, obtained from
# the Discord Developer Portal. It must be kept secure and never shared
# publicly.
# 
# Get your token at: https://discord.com/developers/applications
token = "<INSERT BOT TOKEN HERE>"

# The Discord guild (server) ID related to the organization.
# 
# This is the unique identifier for the organization's Discord server.
# You can find this by enabling Developer Mode in Discord settings,
# then right-clicking on your server and selecting "Copy Server ID".
# 
# The ID must be a valid Discord snowflake (a 64-bit integer).
guild_id = "1"
# These IDs map named roles and channels to their Discord snowflake values,
# allowing the bot to identify members, contributors, and destinations
# without hardcoding them.
[organization.discord.role_ids]
# Channel ID where the bot will send urgent alerts.
alert_channel = "string"

# Role ID for contributors.
# 
# Used to identify and automatically register contributors into the database.
contributor = "string"

# Role ID for members.
# 
# Used to identify and automatically register members into the database.
member = "string"

# List of Discord user IDs associated with chaosneco.
# 
# Users in this list will receive these features as follow:
# - Received messages of a crying emoticon auto-response.
chaosneco = [
  "string",
  # ...
]
# Configuration for the swearing police auto-response feature.
[organization.discord.swearing_police]
# Additional words for the bot's profanity filter.
# Accepts words in any language that uses the Latin alphabet.
bad_words = [
  "string",
  # ...
]

# A list of user IDs that are excluded from receiving warnings
# from the swearing police.
excluded_users = [
  "string",
  # ...
]

# Extra warning message templates the swearing police can choose
# from in random, in addition to the built-in defaults.
# 
# **Placeholders**:
# - `{BAD_WORDS}` - The bad words detected in the message
# - `{LINKING_VERB}` - Linking verb (is/are) matching the number of bad words
# - `{PREFERRED_USER_NAME}` - The user's preferred name, resolved in this order:
# 
# ```txt
# guild nickname -> global display name -> Discord username
# ```
warning_templates = [
  "string",
  # ...
]
# Minecraft server management configuration.
# Minecraft permission management.
# 
# Define LuckPerms permission nodes to be automatically granted to players
# based on their role. Supports named player group and player-specific targeting.
# 
# ```toml
# # Named groups
# contributors = ["veinminer"]
# members      = ["dystopia.instantrestock"]
# staff        = []
# admins       = []
# 
# # Player-specific overrides:
# "745809834183753828" = ["deadchest"]                    # Discord snowflake
# "a1705729-8729-3a49-befe-0ee68d88a374" = ["veinminer"]  # Minecraft UUID
# ```
[organization.minecraft.perks]
# Default settings applied during initial setup.
# 
# Defines the initial configuration values when Eden is first
# deployed or when resetting to defaults.
# Initial settings to apply upon first deployment.
# 
# These settings control the default behavior of the bot in newly
# configured guilds.
[setup.settings]
# Whether to allow guests to join the Minecraft server.
# 
# When `true`, users without specific roles can connect to the
# Minecraft server. When `false`, only users with designated roles
# can connect.
# 
# Defaults to `true` for open access.
allow_guests = true
# Optional error tracking and performance monitoring via Sentry.
# 
# When configured, enables automated error reporting and performance
# tracing. Omit this section to disable Sentry integration entirely.
[sentry]
dsn = "https://examplePublicKey@o0.ingest.sentry.io/0"

# The environment name for this deployment.
# 
# This helps distinguish between different deployment environments
# (e.g., `"production"`, `"staging"`, `"development"`) in the Sentry
# dashboard, enabling environment-specific filtering and alerting.
# 
# Must not be empty.
environment = "production"

# Sample rate for performance monitoring traces.
# 
# Defaults to `1.0` if not specified.
traces_sample_rate = 1.0

# Log level filter for Sentry events.
# 
# Specifies which log levels should be captured and sent to Sentry.
# Common values: "error", "warn", "info", "debug", "trace".
# 
# Defaults to `"info"` if not specified.
targets = "info"
