---
source: crates/eden-config/tests/cases.rs
expression: config
input_file: crates/eden-config/tests/cases/pass/database_3
---
Config {
    background_jobs: BackgroundJobs {
        enabled: true,
        workers: 1,
    },
    database: Database {
        primary: DatabasePool {
            url: SqliteUrl(..),
            min_connections: 1,
            max_connections: 5,
            readonly: false,
        },
        replica: Some(
            DatabasePool {
                url: SqliteUrl(..),
                min_connections: 1,
                max_connections: 5,
                readonly: true,
            },
        ),
        background_jobs: DatabasePool {
            url: SqliteUrl(..),
            min_connections: 1,
            max_connections: 5,
            readonly: false,
        },
    },
    gateway: None,
    organization: Organization {
        name: "Dystopia",
        discord: None,
        minecraft: Minecraft {
            perks: {},
        },
    },
    setup: Setup {
        settings: InitialSettings {
            allow_guests: true,
        },
    },
    sentry: None,
}
