---
source: crates/eden-config/tests/cases.rs
expression: config
input_file: crates/eden-config/tests/cases/migration/v2_bot
---
Config {
    gateway: Gateway {
        ip: 127.0.0.1,
        port: 7590,
        tls: None,
    },
    organization: Organization {
        name: "Dystopia",
        discord: Some(
            Discord {
                token: Token(..),
                guild_id: Id<GuildMarker>(12345677),
            },
        ),
    },
    setup: Setup {
        settings: InitialSettings {
            allow_guests: true,
        },
    },
    sentry: None,
}
